round_f_controller: blake512__GB40, 
case__64_blake512__GD: case__64_blake512__GD, 
case__22: blake512__GB37, 
logic__2: blake512__GB37, 
logic__39: blake512__GB37, 
reg__6: blake512__GB37, 
reg__20: blake512__GB40, 
logic__45: blake512__GB37, 
case__158: blake512__GB10, 
case__83: blake512__GB49, 
dsp48e2__8: blake512__GB38, 
case__30: blake512__GB37, 
reg__8: blake512__GB37, 
case__4: blake512__GB37, 
muxpart: blake512__GB40, blake512__GB39, 
case__212: encrypt__GC0, 
datapath__1: blake512__GB37, 
blake512__GB68: blake512__GB68, 
blake512__GB43: blake512__GB43, 
muxpart__32: blake512__GB31, 
muxpart__58: blake512__GB37, 
case__96: blake512__GB73, 
reg_64_v13: blake512__GB37, 
reg__13: blake512__GB37, 
case__228: encrypt__GC0, 
logic__38: blake512__GB37, 
case__137: blake512__GB67, 
case__122: case__122_blake512__GD, 
case__154_blake512__GD: case__154_blake512__GD, 
blake512__GB17: blake512__GB17, 
case__134: blake512__GB14, 
reg__11: blake512__GB37, 
reg__26: encrypt__GC0, 
case__129: blake512__GB67, 
logic__3: blake512__GB37, 
case__27: blake512__GB37, 
case__60: blake512__GB31, 
dsp48e2__4: blake512__GB39, 
case__175: case__175_blake512__GD, 
case__53: blake512__GB40, 
case__150_blake512__GD: case__150_blake512__GD, 
case__125: blake512__GB2, 
logic__12: blake512__GB37, 
reg__2: blake512__GB37, 
case__144: blake512__GB70, 
muxpart__36: blake512__GB30, 
case__211: encrypt__GC0, 
case__56: case__56_blake512__GD, 
muxpart__5: blake512__GB40, blake512__GB39, 
case__67: blake512__GB51, 
case__48: blake512__GB40, 
case__157: case__157_blake512__GD, 
blake512__GB38: blake512__GB38, 
case__181: blake512__GB0, 
reg__1: blake512__GB37, 
case__175_blake512__GD: case__175_blake512__GD, 
case__94: blake512__GB15, 
logic__8: blake512__GB37, 
reg_64_v04: blake512__GB37, 
case__59: blake512__GB49, 
case__224: encrypt__GC0, 
muxpart__49: blake512__GB34, 
case__97: blake512__GB77, 
logic__13: blake512__GB37, 
case__73: blake512__GB83, 
case__119: blake512__GB20, 
datapath__3: blake512__GB37, 
muxpart__2: blake512__GB40, blake512__GB39, 
case__11: blake512__GB37, 
case__221: encrypt__GC0, 
case__107: blake512__GB47, 
case__13: blake512__GB37, 
logic__9: blake512__GB37, 
blake512__GB12: blake512__GB12, 
muxpart__1: blake512__GB40, blake512__GB39, 
case__90: blake512__GB59, 
reg__36: encrypt__GC0, 
logic__48: encrypt__GC0, 
reg__33: encrypt__GC0, 
case__180: blake512__GB41, 
reg_64_v09: blake512__GB37, 
muxpart__9: blake512__GB40, blake512__GB39, 
case__165: blake512__GB4, 
reg__24: blake512__GB37, 
perm: blake512__GB40, blake512__GB39, 
reg__25: encrypt__GC0, 
muxpart__15: blake512__GB40, blake512__GB39, 
blake512__GB34: blake512__GB34, 
case__109: case__109_blake512__GD, 
reg: blake512__GB37, 
case__219: encrypt__GC0, 
case__184: encrypt__GC0, 
reg__21: blake512__GB40, 
case__154: case__154_blake512__GD, 
mux2_1_512: encrypt__GC0, 
case__43: blake512__GB40, 
case__128: blake512__GB71, 
dsp48e2__1: blake512__GB39, 
reg__30: encrypt__GC0, 
blake512__GB22: blake512__GB22, 
dsp48e2__11: blake512__GB39, 
case__123_blake512__GD: case__123_blake512__GD, 
case__166: blake512__GB10, 
case__217: encrypt__GC0, 
case__123: case__123_blake512__GD, 
ram256x512: encrypt__GC0, 
case__233: encrypt__GC0, 
reg__15: blake512__GB37, 
reg__5: blake512__GB37, 
case__69: blake512__GB7, 
dsp48e2__15: blake512__GB39, 
blake512__GB23: blake512__GB23, 
case__149: blake512__GB3, 
case__121_blake512__GD: case__121_blake512__GD, 
muxpart__12: blake512__GB40, blake512__GB39, 
muxpart__60: blake512__GB43, 
case__7: blake512__GB37, 
blake512__GB37: blake512__GB37, 
datapath__4: blake512__GB40, 
case__25: blake512__GB37, 
case__159_blake512__GD: case__159_blake512__GD, 
reg_64_v03: blake512__GB37, 
blake512__GB71: blake512__GB71, 
case__160: blake512__GB68, 
case__138: blake512__GB58, 
case__52: blake512__GB40, 
case__62: blake512__GB17, 
case__147: case__147_blake512__GD, 
blake512__GB61: blake512__GB61, 
case__55: blake512__GB37, 
case__106: blake512__GB58, 
case__78: blake512__GB17, 
reg__7: blake512__GB37, 
muxpart__30: blake512__GB38, 
logic__1: blake512__GB37, 
muxpart__55: blake512__GB38, 
blake512__GB13: blake512__GB13, 
reg_64_v10: blake512__GB37, 
case__76: blake512__GB30, 
case__17: blake512__GB37, 
case__227: encrypt__GC0, 
muxpart__45: blake512__GB34, 
case__157_blake512__GD: case__157_blake512__GD, 
dsp48e2__5: blake512__GB39, 
case__215: encrypt__GC0, 
case__122_blake512__GD: case__122_blake512__GD, 
blake512__GB7: blake512__GB7, 
datapath: blake512__GB37, 
case__20: blake512__GB37, 
muxpart__43: blake512__GB37, 
case__28: blake512__GB37, 
case__80: blake512__GB80, 
case__98: blake512__GB59, 
omd_controller: encrypt__GC0, 
case__64: case__64_blake512__GD, 
case__136: blake512__GB68, 
blake512__GB57: blake512__GB57, 
case__23: blake512__GB37, 
logic__5: blake512__GB37, 
blake512__GB73: blake512__GB73, 
blake512__GB54: blake512__GB54, 
case__179: blake512__GB44, 
case__61: blake512__GB5, 
case__124: blake512__GB35, 
muxpart__50: blake512__GB37, 
blake512__GB49: blake512__GB49, 
reg_64_v02: blake512__GB37, 
blake512__GB27: blake512__GB27, 
logic: blake512__GB37, 
blake512__GB36: blake512__GB36, 
case__213: encrypt__GC0, 
case__152: case__152_blake512__GD, 
blake512__GB76: blake512__GB76, 
case__56_blake512__GD: case__56_blake512__GD, 
logic__105: encrypt__GC0, 
case__57: blake512__GB76, 
reg_64_v15: blake512__GB37, 
case__15: blake512__GB37, 
reg_en_512: encrypt__GC0, 
blake512__GB44: blake512__GB44, 
case__168_blake512__GD: case__168_blake512__GD, 
encrypt__GC0: encrypt__GC0, 
case__146: blake512__GB54, 
counter: encrypt__GC0, 
case__152_blake512__GD: case__152_blake512__GD, 
case__163: blake512__GB48, 
case__3: blake512__GB37, 
muxpart__46: blake512__GB38, 
reg__29: encrypt__GC0, 
reg_64_v06: blake512__GB37, 
case__167: case__167_blake512__GD, 
reg__19: blake512__GB40, 
logic__47: encrypt__GC0, 
case__63: blake512__GB27, 
case__223: encrypt__GC0, 
reg_64_v11: blake512__GB37, 
case__88: blake512__GB73, 
reg__9: blake512__GB37, 
case__155: blake512__GB44, 
logic__11: blake512__GB37, 
case__143: blake512__GB24, 
case__114: blake512__GB57, 
case: blake512__GB37, 
case__167_blake512__GD: case__167_blake512__GD, 
case__142_blake512__GD: case__142_blake512__GD, 
reg__23: blake512__GB40, 
case__77: blake512__GB7, 
case__222: encrypt__GC0, 
dsp48e2__13: blake512__GB39, 
case__72_blake512__GD: case__72_blake512__GD, 
case__162: blake512__GB54, 
blake512__GB40: blake512__GB40, 
case__127: blake512__GB22, 
dsp48e2__12: blake512__GB39, 
blake512__GB2: blake512__GB2, 
extram: encrypt__GC0, 
case__99: case__99_blake512__GD, 
case__8: blake512__GB37, 
case__95: blake512__GB24, 
case__147_blake512__GD: case__147_blake512__GD, 
reg_64_v14: blake512__GB37, 
blake512__GB35: blake512__GB35, 
case__79: blake512__GB25, 
case__91: blake512__GB48, 
case__172: blake512__GB43, 
muxpart__8: blake512__GB40, blake512__GB39, 
logic__7: blake512__GB37, 
case__49: blake512__GB40, 
case__145: case__145_blake512__GD, 
blake512__GB56: blake512__GB56, 
case__182: blake512__GB13, 
blake512__GB58: blake512__GB58, 
case__120: blake512__GB80, 
case__31: blake512__GB37, 
muxpart__52: blake512__GB35, 
blake512__GB42: blake512__GB42, 
case__185: encrypt__GC0, 
case__133_blake512__GD: case__133_blake512__GD, 
muxpart__16: blake512__GB40, blake512__GB39, 
case__44: blake512__GB40, 
reg_64_v12: blake512__GB37, 
muxpart__40: blake512__GB32, 
case__82: case__82_blake512__GD, 
case__171: case__171_blake512__GD, 
blake512__GB39: blake512__GB39, 
reg__32: encrypt__GC0, 
blake512__GB70: blake512__GB70, 
reg_64_v00: blake512__GB37, 
blake512__GB32: blake512__GB32, 
case__176: blake512__GB70, 
case__141: blake512__GB0, 
muxpart__56: blake512__GB37, 
case__101: blake512__GB3, 
case__46: blake512__GB40, 
blake512__GB33: blake512__GB33, 
muxpart__35: blake512__GB37, 
case__214: encrypt__GC0, 
case__82_blake512__GD: case__82_blake512__GD, 
case__170: blake512__GB57, 
case__218: encrypt__GC0, 
case__68: blake512__GB30, 
blake512__GB24: blake512__GB24, 
dsp48e2__9: blake512__GB39, 
case__220: encrypt__GC0, 
muxpart__41: blake512__GB33, 
blake512__GB20: blake512__GB20, 
dsp48e2__10: blake512__GB39, 
case__84: blake512__GB32, 
reg__14: blake512__GB37, 
logic__43: blake512__GB37, 
blake512__GB48: blake512__GB48, 
reg_64_v01: blake512__GB37, 
case__171_blake512__GD: case__171_blake512__GD, 
blake512__GB67: blake512__GB67, 
case__115: blake512__GB47, 
logic__10: blake512__GB37, 
blake512__GB79: blake512__GB79, 
blake512__GB14: blake512__GB14, 
case__16: blake512__GB37, 
case__169: blake512__GB64, 
muxpart__42: blake512__GB38, 
muxpart__39: blake512__GB38, 
muxpart__3: blake512__GB40, blake512__GB39, 
dsp48e2: blake512__GB39, 
logic__4: blake512__GB37, 
muxpart__34: blake512__GB39, 
muxpart__11: blake512__GB40, blake512__GB39, 
case__148: blake512__GB36, 
case__1: blake512__GB37, 
case__81_blake512__GD: case__81_blake512__GD, 
case__99_blake512__GD: case__99_blake512__GD, 
case__54: blake512__GB40, 
reg_en_1024: encrypt__GC0, 
case__161: case__161_blake512__GD, 
muxpart__48: blake512__GB38, 
case__225: encrypt__GC0, 
muxpart__44: blake512__GB33, 
case__111: blake512__GB23, 
reg__22: blake512__GB40, 
case__104_blake512__GD: case__104_blake512__GD, 
case__173: blake512__GB2, 
dsp48e2__14: blake512__GB39, 
logic__53: encrypt__GC0, 
case__161_blake512__GD: case__161_blake512__GD, 
dsp48e2__3: blake512__GB39, 
muxpart__38: blake512__GB38, 
case__81: case__81_blake512__GD, 
reg__34: encrypt__GC0, 
case__112: blake512__GB71, 
blake512__GB64: blake512__GB64, 
case__132: blake512__GB34, 
reg__38: encrypt__GC0, 
muxpart__31: blake512__GB39, 
case__85: blake512__GB5, 
case__142: case__142_blake512__GD, 
reg__12: blake512__GB37, 
case__26: blake512__GB37, 
reg__3: blake512__GB37, 
blake512__GB5: blake512__GB5, 
case__116: blake512__GB34, 
case__110: blake512__GB14, 
case__234: encrypt__GC0, 
case__89: blake512__GB79, 
blake512__GB51: blake512__GB51, 
case__70: case__70_blake512__GD, 
blake512__GB41: blake512__GB41, 
blake512__GB3: blake512__GB3, 
blake512__GB30: blake512__GB30, 
case__130: blake512__GB56, 
blake512__GB25: blake512__GB25, 
blake512__GB80: blake512__GB80, 
case__150: case__150_blake512__GD, 
case__24: blake512__GB37, 
case__10: blake512__GB37, 
blake512__GB83: blake512__GB83, 
blake512__GB77: blake512__GB77, 
case__226: encrypt__GC0, 
case__186: encrypt__GC0, 
case__47: blake512__GB40, 
reg__16: blake512__GB40, 
case__232: encrypt__GC0, 
case__113: blake512__GB79, 
blake512__GB10: blake512__GB10, 
case__151: blake512__GB20, 
case__72: case__72_blake512__GD, 
muxpart__51: blake512__GB37, 
reg_64_v05: blake512__GB37, 
muxpart__6: blake512__GB40, blake512__GB39, 
case__65: blake512__GB83, 
muxpart__59: blake512__GB37, 
muxpart__14: blake512__GB40, blake512__GB39, 
case__5: blake512__GB37, 
logic__40: blake512__GB37, 
case__164: blake512__GB42, 
case__14: blake512__GB37, 
case__71: blake512__GB27, 
blake512__GB15: blake512__GB15, 
case__117_blake512__GD: case__117_blake512__GD, 
case__12: blake512__GB37, 
case__126: blake512__GB12, 
case__58: case__58_blake512__GD, 
logic__6: blake512__GB37, 
case__230: encrypt__GC0, 
case__229: encrypt__GC0, 
reg__4: blake512__GB37, 
case__121: case__121_blake512__GD, 
logic__42: blake512__GB37, 
case__6: blake512__GB37, 
blake512__GB0: blake512__GB0, 
case__86_blake512__GD: case__86_blake512__GD, 
muxpart__53: blake512__GB36, 
case__156: blake512__GB41, 
blake512__GB46: blake512__GB46, 
case__216: encrypt__GC0, 
blake512__GB4: blake512__GB4, 
dsp48e2__6: blake512__GB39, 
case__117: case__117_blake512__GD, 
case__100: blake512__GB33, 
case__131: blake512__GB46, 
mux2_1_1024: encrypt__GC0, 
case__66: blake512__GB61, 
muxpart__61: blake512__GB37, 
logic__106: encrypt__GC0, 
case__19: blake512__GB37, 
case__92: blake512__GB32, 
case__74: blake512__GB61, 
blake512__GB47: blake512__GB47, 
muxpart__47: blake512__GB37, 
case__135: blake512__GB22, 
reg_64_v07: blake512__GB37, 
muxpart__10: blake512__GB40, blake512__GB39, 
blake512__GB31: blake512__GB31, 
case__231: encrypt__GC0, 
muxpart__37: blake512__GB32, 
reg__35: encrypt__GC0, 
case__50: blake512__GB40, 
logic__51: encrypt__GC0, 
case__58_blake512__GD: case__58_blake512__GD, 
case__145_blake512__GD: case__145_blake512__GD, 
case__153: blake512__GB64, 
case__178: blake512__GB56, 
g_function: blake512__GB37, 
case__183: case__183_blake512__GD, 
case__105: blake512__GB77, 
case__21: blake512__GB37, 
reg__10: blake512__GB37, 
case__51: blake512__GB40, 
case__103: blake512__GB23, 
reg__39: encrypt__GC0, 
datapath__6: encrypt__GC0, 
case__174: blake512__GB12, 
muxpart__33: blake512__GB30, 
case__2: blake512__GB37, 
logic__49: encrypt__GC0, 
case__9: blake512__GB37, 
logic__44: blake512__GB37, 
case__104: case__104_blake512__GD, 
muxpart__57: blake512__GB42, 
case__118: blake512__GB13, 
dsp48e2__7: blake512__GB39, 
logic__104: encrypt__GC0, 
muxpart__54: blake512__GB38, 
case__29: blake512__GB37, 
blake512__GB59: blake512__GB59, 
case__133: case__133_blake512__GD, 
case__168: case__168_blake512__GD, 
datapath__2: blake512__GB37, 
case__108: blake512__GB33, 
case__86: case__86_blake512__GD, 
case__140: blake512__GB35, 
datapath__5: encrypt__GC0, 
case__45: blake512__GB40, 
reg__37: encrypt__GC0, 
case__177: blake512__GB76, 
logic__46: encrypt__GC0, 
case__70_blake512__GD: case__70_blake512__GD, 
logic__52: encrypt__GC0, 
case__109_blake512__GD: case__109_blake512__GD, 
muxpart__4: blake512__GB40, blake512__GB39, 
muxpart__13: blake512__GB40, blake512__GB39, 
reg_64_v08: blake512__GB37, 
muxpart__7: blake512__GB40, blake512__GB39, 
case__75: blake512__GB51, 
logic__50: encrypt__GC0, 
case__139: blake512__GB46, 
case__159: case__159_blake512__GD, 
case__183_blake512__GD: case__183_blake512__GD, 
case__18: blake512__GB37, 
mux2_1: blake512__GB37, 
case__93: blake512__GB4, 
reg__31: encrypt__GC0, 
case__102: blake512__GB15, 
logic__41: blake512__GB37, 
case__87: blake512__GB25, 
dsp48e2__2: blake512__GB39, 
