dsp48e2__7: dsp48e2__7
muxpart__196: muxpart__9
logic__105: logic__105
muxpart__41: muxpart__41
extram: extram
case__229: case__229
reg_64_v14: reg_64_v14
case__23: case__23
g_function__2: g_function
blake512__GB10: blake512__GB10
muxpart__154: muxpart
case__80: case__80
muxpart__283: muxpart__7
omd_controller: omd_controller
muxpart__60: muxpart__60
case__10: case__10
muxpart__136: muxpart__1
reg_64_v12: reg_64_v12
logic__147: logic__9
muxpart__175: muxpart__13
blake512__GB64: blake512__GB64
muxpart__324: muxpart
muxpart__258: muxpart__15
logic__132: logic__12
case__224: case__224
case__119: case__119
case__29: case__29
muxpart__39: muxpart__39
logic__40: logic__40
perm__9: perm
logic__127: logic__11
muxpart__266: muxpart__7
reg__11: reg__11
case__126: case__126
muxpart__327: muxpart__14
encrypt__GC0: encrypt__GC0
case__108: case__108
muxpart__11: muxpart__11
logic__8: logic__8
blake512__GB46: blake512__GB46
case__238: case__55
reg__15: reg__15
logic__42: logic__42
muxpart__282: muxpart__8
blake512__GB47: blake512__GB47
g_function__1: g_function
muxpart__140: muxpart__14
reg_64_v01: reg_64_v01
muxpart__161: muxpart__10
case__221: case__221
reg: reg
muxpart__87: muxpart__16
muxpart__210: muxpart__12
muxpart__192: muxpart__13
datapath__17: datapath__1
blake512__GB30: blake512__GB30
case__133: case__133
muxpart__314: muxpart__10
muxpart__163: muxpart__8
case__16: case__16
muxpart__341: muxpart
logic__46: logic__46
muxpart__89: muxpart__14
case__121: case__121
muxpart__100: muxpart__3
case__115: case__115
reg__6: reg__6
case__92: case__92
muxpart__230: muxpart__9
reg__29: reg__29
case__104: case__104
muxpart__123: muxpart__14
muxpart__281: muxpart__9
muxpart__3: muxpart__3
dsp48e2__5: dsp48e2__5
case__19: case__19
logic__145: logic__11
muxpart__335: muxpart__6
blake512__GB12: blake512__GB12
logic__2: logic__2
muxpart__121: muxpart__16
muxpart__256: muxpart
blake512__GB5: blake512__GB5
muxpart__244: muxpart__12
muxpart__222: muxpart
muxpart__167: muxpart__4
case__24: case__24
muxpart__172: muxpart__16
logic__114: logic__12
reg__8: reg__8
logic__48: logic__48
muxpart__322: muxpart__2
case__182: case__182
logic__116: logic__10
blake512__GB33: blake512__GB33
dsp48e2__12: dsp48e2__12
muxpart__318: muxpart__6
muxpart__229: muxpart__10
muxpart__143: muxpart__11
case__165: case__165
reg__32: reg__32
case__77: case__77
case__175_blake512__GD: case__175_blake512__GD
muxpart__46: muxpart__46
reg_en_512: reg_en_512
muxpart__124: muxpart__13
case__79: case__79
case__81: case__81
case__166: case__166
datapath__33: datapath__1
datapath__21: datapath__1
case__150_blake512__GD: case__150_blake512__GD
muxpart__273: muxpart
muxpart__253: muxpart__3
muxpart__338: muxpart__3
case__134: case__134
case__234: case__234
datapath__2: datapath__2
case__58_blake512__GD: case__58_blake512__GD
muxpart__326: muxpart__15
case__159: case__159
case__13: case__13
case__143: case__143
logic__117: logic__9
muxpart__331: muxpart__10
muxpart__209: muxpart__13
muxpart__232: muxpart__7
muxpart__297: muxpart__10
muxpart__49: muxpart__49
muxpart__158: muxpart__13
case__171: case__171
case__156: case__156
case__117: case__117
muxpart__298: muxpart__9
case__121_blake512__GD: case__121_blake512__GD
muxpart__248: muxpart__8
case__136: case__136
datapath__22: datapath
case__51: case__51
logic__112: logic__8
case__69: case__69
mux2_1_1024: mux2_1_1024
muxpart__275: muxpart__15
logic__123: logic__9
muxpart__149: muxpart__5
logic__108: logic__12
case__142_blake512__GD: case__142_blake512__GD
blake512__GB14: blake512__GB14
muxpart__340: muxpart__1
logic__12: logic__12
muxpart__332: muxpart__9
muxpart__203: muxpart__2
muxpart__223: muxpart__16
muxpart__294: muxpart__13
muxpart__215: muxpart__7
case__141: case__141
reg__22: reg__22
case__8: case__8
muxpart__115: muxpart__5
logic__38: logic__38
muxpart__225: muxpart__14
muxpart__285: muxpart__5
logic__53: logic__53
case: case
case__215: case__215
case__125: case__125
muxpart__164: muxpart__7
muxpart__252: muxpart__4
perm__6: perm
case__94: case__94
case__168_blake512__GD: case__168_blake512__GD
case__173: case__173
muxpart__147: muxpart__7
datapath__1: datapath__1
muxpart__290: muxpart
muxpart__90: muxpart__13
case__222: case__222
case__147: case__147
case__167: case__167
dsp48e2__9: dsp48e2__9
muxpart__13: muxpart__13
dsp48e2__1: dsp48e2__1
case__11: case__11
reg__23: reg__23
muxpart__265: muxpart__8
case__60: case__60
g_function__6: g_function
case__213: case__213
logic__126: logic__12
datapath__25: datapath__1
muxpart__144: muxpart__10
case__90: case__90
blake512__GB27: blake512__GB27
logic__106: logic__106
reg__5: reg__5
case__81_blake512__GD: case__81_blake512__GD
blake512__GB35: blake512__GB35
muxpart__219: muxpart__3
logic__111: logic__9
blake512__GB4: blake512__GB4
blake512__GB79: blake512__GB79
muxpart__131: muxpart__6
logic__107: logic__13
muxpart__153: muxpart__1
reg_64_v08: reg_64_v08
case__183_blake512__GD: case__183_blake512__GD
muxpart__198: muxpart__7
case__154_blake512__GD: case__154_blake512__GD
muxpart__152: muxpart__2
dsp48e2__4: dsp48e2__4
muxpart__311: muxpart__13
muxpart__128: muxpart__9
muxpart__242: muxpart__14
muxpart__200: muxpart__5
datapath__28: datapath__2
case__142: case__142
case__236: case__55
muxpart__114: muxpart__6
muxpart__315: muxpart__9
blake512__GB44: blake512__GB44
muxpart__187: muxpart__1
dsp48e2__15: dsp48e2__15
case__64: case__64
case__56: case__56
case__102: case__102
muxpart__240: muxpart__16
case__218: case__218
case__146: case__146
muxpart__169: muxpart__2
case__225: case__225
dsp48e2__10: dsp48e2__10
case__48: case__48
muxpart__328: muxpart__13
muxpart__137: muxpart
case__72: case__72
case__122_blake512__GD: case__122_blake512__GD
reg_64_v13: reg_64_v13
reg__37: reg__37
case__171_blake512__GD: case__171_blake512__GD
mux2_1__6: mux2_1
blake512__GB54: blake512__GB54
reg__7: reg__7
muxpart__106: muxpart__14
muxpart__339: muxpart__2
muxpart__291: muxpart__16
dsp48e2__13: dsp48e2__13
case__83: case__83
muxpart__112: muxpart__8
datapath__6: datapath__6
logic__148: logic__8
case__157_blake512__GD: case__157_blake512__GD
muxpart__105: muxpart__15
muxpart__216: muxpart__6
muxpart__306: muxpart__1
case__147_blake512__GD: case__147_blake512__GD
g_function__5: g_function
muxpart__119: muxpart__1
case__214: case__214
logic__51: logic__51
case__167_blake512__GD: case__167_blake512__GD
g_function: g_function
muxpart__247: muxpart__9
muxpart__264: muxpart__9
case__3: case__3
case__62: case__62
case__68: case__68
reg__24: reg__24
datapath__10: datapath
logic__1: logic__1
muxpart__277: muxpart__13
case__55: case__55
reg_64_v04: reg_64_v04
muxpart__111: muxpart__9
case__22: case__22
reg__3: reg__3
muxpart__257: muxpart__16
logic__5: logic__5
muxpart__132: muxpart__5
case__74: case__74
muxpart__141: muxpart__13
dsp48e2__2: dsp48e2__2
case__124: case__124
muxpart__249: muxpart__7
muxpart__59: muxpart__59
logic__52: logic__52
muxpart__2: muxpart__2
case__99_blake512__GD: case__99_blake512__GD
muxpart__91: muxpart__12
muxpart__269: muxpart__4
datapath__31: datapath__3
case__178: case__178
case__211: case__211
case__52: case__52
perm__13: perm
logic__3: logic__3
case__43: case__43
muxpart__12: muxpart__12
case__148: case__148
muxpart__108: muxpart__12
case__70: case__70
muxpart__151: muxpart__3
case__152_blake512__GD: case__152_blake512__GD
case__14: case__14
case__111: case__111
muxpart__122: muxpart__15
case__233: case__233
case__57: case__57
case__145: case__145
muxpart__211: muxpart__11
case__117_blake512__GD: case__117_blake512__GD
muxpart__191: muxpart__14
logic__115: logic__11
logic__11: logic__11
mux2_1: mux2_1
logic__140: logic__10
case__104_blake512__GD: case__104_blake512__GD
case__101: case__101
case__157: case__157
case__56_blake512__GD: case__56_blake512__GD
case__144: case__144
blake512__GB42: blake512__GB42
case__91: case__91
muxpart__231: muxpart__8
round_f_controller: round_f_controller
datapath__19: datapath__3
muxpart__120: muxpart
blake512__GB38: blake512__GB38
blake512__GB34: blake512__GB34
case__164: case__164
case__100: case__100
logic__49: logic__49
muxpart__202: muxpart__3
reg_64_v03: reg_64_v03
datapath__34: datapath
muxpart__267: muxpart__6
dsp48e2__8: dsp48e2__8
case__140: case__140
case__150: case__150
muxpart__150: muxpart__4
muxpart__255: muxpart__1
muxpart__113: muxpart__7
logic__43: logic__43
muxpart__93: muxpart__10
logic__139: logic__11
muxpart__292: muxpart__15
case__88: case__88
logic__131: logic__13
case__132: case__132
muxpart__56: muxpart__56
case__151: case__151
case__168: case__168
blake512__GB37: blake512__GB37
datapath__29: datapath__1
case__118: case__118
muxpart__334: muxpart__7
logic__109: logic__11
case__65: case__65
muxpart__226: muxpart__13
muxpart__34: muxpart__34
datapath__20: datapath__2
blake512__GB17: blake512__GB17
muxpart__148: muxpart__6
blake512__GB2: blake512__GB2
case__175: case__175
reg__33: reg__33
muxpart__36: muxpart__36
muxpart__30: muxpart__30
blake512__GB3: blake512__GB3
logic__143: logic__13
muxpart__42: muxpart__42
muxpart__197: muxpart__8
muxpart__127: muxpart__10
reg_64_v02: reg_64_v02
case__130: case__130
muxpart__95: muxpart__8
case__161_blake512__GD: case__161_blake512__GD
datapath__18: datapath
reg_64_v15: reg_64_v15
blake512__GB49: blake512__GB49
case__12: case__12
muxpart__138: muxpart__16
case__180: case__180
muxpart__53: muxpart__53
logic__10: logic__10
dsp48e2__11: dsp48e2__11
case__177: case__177
muxpart__16: muxpart__16
muxpart__323: muxpart__1
mux2_1__2: mux2_1
blake512__GB32: blake512__GB32
muxpart__224: muxpart__15
case__30: case__30
case__49: case__49
muxpart__325: muxpart__16
mux2_1__3: mux2_1
reg__30: reg__30
case__137: case__137
perm: perm
muxpart__308: muxpart__16
reg__39: reg__39
blake512__GB48: blake512__GB48
case__86_blake512__GD: case__86_blake512__GD
reg__38: reg__38
muxpart__33: muxpart__33
case__230: case__230
case__89: case__89
case__241: case__55
muxpart__8: muxpart__8
muxpart__208: muxpart__14
blake512__GB76: blake512__GB76
case__46: case__46
case__54: case__54
muxpart__316: muxpart__8
muxpart__186: muxpart__2
logic__125: logic__13
case__135: case__135
case__105: case__105
reg__25: reg__25
muxpart__241: muxpart__15
reg__10: reg__10
muxpart__272: muxpart__1
logic__119: logic__13
case__131: case__131
case__21: case__21
muxpart__162: muxpart__9
reg_64_v00: reg_64_v00
muxpart__274: muxpart__16
case__145_blake512__GD: case__145_blake512__GD
case__231: case__231
muxpart__104: muxpart__16
case__97: case__97
mux2_1__7: mux2_1
muxpart__204: muxpart__1
logic__4: logic__4
blake512__GB40: blake512__GB40
muxpart__181: muxpart__7
case__82: case__82
muxpart__213: muxpart__9
muxpart__179: muxpart__9
muxpart__55: muxpart__55
muxpart: muxpart
dsp48e2__6: dsp48e2__6
case__179: case__179
datapath__12: datapath__2
muxpart__165: muxpart__6
muxpart__295: muxpart__12
muxpart__307: muxpart
case__237: case__55
case__78: case__78
muxpart__234: muxpart__5
case__158: case__158
case__2: case__2
muxpart__309: muxpart__15
blake512__GB25: blake512__GB25
case__76: case__76
perm__5: perm
case__103: case__103
perm__4: perm
muxpart__38: muxpart__38
logic__135: logic__9
muxpart__168: muxpart__3
reg__4: reg__4
muxpart__159: muxpart__12
case__84: case__84
case__138: case__138
case__212: case__212
case__58: case__58
muxpart__183: muxpart__5
muxpart__166: muxpart__5
muxpart__239: muxpart
muxpart__319: muxpart__5
blake512__GB80: blake512__GB80
reg__19: reg__19
muxpart__293: muxpart__14
logic__44: logic__44
case__4: case__4
muxpart__116: muxpart__4
muxpart__103: muxpart
logic__110: logic__10
case__47: case__47
blake512__GB39: blake512__GB39
datapath__9: datapath__1
blake512__GB20: blake512__GB20
muxpart__260: muxpart__13
muxpart__333: muxpart__8
ram256x512: ram256x512
case__219: case__219
case__239: case__55
case__116: case__116
reg__2: reg__2
case__67: case__67
muxpart__146: muxpart__8
blake512__GB56: blake512__GB56
muxpart__109: muxpart__11
muxpart__276: muxpart__14
muxpart__289: muxpart__1
muxpart__31: muxpart__31
g_function__7: g_function
logic__144: logic__12
muxpart__271: muxpart__2
muxpart__14: muxpart__14
blake512__GB51: blake512__GB51
muxpart__320: muxpart__4
muxpart__193: muxpart__12
case__85: case__85
case__154: case__154
blake512__GB22: blake512__GB22
muxpart__214: muxpart__8
blake512__GB24: blake512__GB24
blake512__GB77: blake512__GB77
muxpart__88: muxpart__15
muxpart__45: muxpart__45
case__217: case__217
case__72_blake512__GD: case__72_blake512__GD
case__120: case__120
muxpart__98: muxpart__5
logic__45: logic__45
blake512__GB23: blake512__GB23
muxpart__184: muxpart__4
counter: counter
case__172: case__172
muxpart__134: muxpart__3
case__93: case__93
muxpart__336: muxpart__5
muxpart__286: muxpart__4
logic__41: logic__41
muxpart__92: muxpart__11
muxpart__156: muxpart__15
case__7: case__7
case__228: case__228
mux2_1__4: mux2_1
mux2_1_512: mux2_1_512
case__107: case__107
muxpart__107: muxpart__13
reg_64_v05: reg_64_v05
case__129: case__129
reg__34: reg__34
muxpart__329: muxpart__12
blake512__GB59: blake512__GB59
case__50: case__50
reg__12: reg__12
case__240: case__55
muxpart__6: muxpart__6
case__109: case__109
case__184: case__184
case__183: case__183
muxpart__313: muxpart__11
perm__3: perm
datapath__13: datapath__1
muxpart__206: muxpart__16
reg__1: reg__1
case__82_blake512__GD: case__82_blake512__GD
case__15: case__15
logic__39: logic__39
muxpart__52: muxpart__52
case__170: case__170
case__223: case__223
case__18: case__18
dsp48e2__3: dsp48e2__3
blake512__GB13: blake512__GB13
datapath__24: datapath__2
datapath__14: datapath
muxpart__10: muxpart__10
logic__13: logic__13
logic__7: logic__7
muxpart__237: muxpart__2
case__123_blake512__GD: case__123_blake512__GD
case__31: case__31
muxpart__238: muxpart__1
case__133_blake512__GD: case__133_blake512__GD
datapath__4: datapath__4
case__149: case__149
reg_64_v07: reg_64_v07
datapath__16: datapath__2
muxpart__221: muxpart__1
perm__7: perm
logic__121: logic__11
muxpart__50: muxpart__50
case__27: case__27
g_function__3: g_function
datapath__3: datapath__3
muxpart__176: muxpart__12
case__122: case__122
case__169: case__169
reg_en_1024: reg_en_1024
case__160: case__160
muxpart__194: muxpart__11
perm__15: perm
muxpart__217: muxpart__5
muxpart__185: muxpart__3
muxpart__118: muxpart__2
muxpart__171: muxpart
muxpart__317: muxpart__7
muxpart__37: muxpart__37
case__45: case__45
muxpart__170: muxpart__1
muxpart__195: muxpart__10
case__163: case__163
reg__9: reg__9
muxpart__279: muxpart__11
muxpart__284: muxpart__6
muxpart__278: muxpart__12
case__106: case__106
case__128: case__128
datapath__15: datapath__3
muxpart__135: muxpart__2
muxpart__337: muxpart__4
muxpart__94: muxpart__9
blake512__GB61: blake512__GB61
case__114: case__114
muxpart__243: muxpart__13
case__64_blake512__GD: case__64_blake512__GD
muxpart__199: muxpart__6
perm__1: perm
blake512__GB7: blake512__GB7
muxpart__330: muxpart__11
muxpart__304: muxpart__3
muxpart__212: muxpart__10
muxpart__177: muxpart__11
muxpart__160: muxpart__11
case__28: case__28
muxpart__246: muxpart__10
case__186: case__186
case__59: case__59
muxpart__7: muxpart__7
muxpart__117: muxpart__3
case__162: case__162
muxpart__142: muxpart__12
case__86: case__86
reg__35: reg__35
case__185: case__185
blake512__GB68: blake512__GB68
logic__134: logic__10
muxpart__101: muxpart__2
mux2_1__5: mux2_1
muxpart__102: muxpart__1
datapath__26: datapath
case__20: case__20
logic__9: logic__9
muxpart__4: muxpart__4
muxpart__61: muxpart__61
g_function__4: g_function
case__227: case__227
case__220: case__220
case__53: case__53
perm__2: perm
muxpart__110: muxpart__10
reg__13: reg__13
logic__47: logic__47
dsp48e2__14: dsp48e2__14
perm__14: perm
blake512__GB36: blake512__GB36
muxpart__254: muxpart__2
muxpart__263: muxpart__10
muxpart__218: muxpart__4
muxpart__178: muxpart__10
case__87: case__87
muxpart__48: muxpart__48
muxpart__32: muxpart__32
muxpart__129: muxpart__8
reg__14: reg__14
case__123: case__123
reg__40: reg__39
logic__104: logic__104
muxpart__235: muxpart__4
logic__128: logic__10
mux2_1__1: mux2_1
muxpart__251: muxpart__5
muxpart__201: muxpart__4
datapath__30: datapath
logic__129: logic__9
blake512__GB41: blake512__GB41
muxpart__227: muxpart__12
muxpart__220: muxpart__2
perm__8: perm
muxpart__43: muxpart__43
blake512__GB57: blake512__GB57
muxpart__270: muxpart__3
muxpart__125: muxpart__12
muxpart__310: muxpart__14
case__181: case__181
muxpart__5: muxpart__5
muxpart__15: muxpart__15
muxpart__302: muxpart__5
datapath__23: datapath__3
logic__124: logic__8
dsp48e2: dsp48e2
case__112: case__112
case__161: case__161
logic__133: logic__11
muxpart__9: muxpart__9
muxpart__47: muxpart__47
muxpart__155: muxpart__16
logic__118: logic__8
case__174: case__174
reg__16: reg__16
logic__137: logic__13
muxpart__126: muxpart__11
muxpart__205: muxpart
reg_64_v09: reg_64_v09
muxpart__261: muxpart__12
muxpart__173: muxpart__15
case__99: case__99
muxpart__182: muxpart__6
case__109_blake512__GD: case__109_blake512__GD
blake512__GB58: blake512__GB58
muxpart__189: muxpart__16
muxpart__130: muxpart__7
muxpart__54: muxpart__54
perm__12: perm
muxpart__180: muxpart__8
case__152: case__152
reg__31: reg__31
muxpart__44: muxpart__44
muxpart__174: muxpart__14
case__61: case__61
muxpart__96: muxpart__7
muxpart__228: muxpart__11
case__25: case__25
muxpart__245: muxpart__11
logic__50: logic__50
muxpart__1: muxpart__1
muxpart__280: muxpart__10
case__95: case__95
case__127: case__127
case__63: case__63
logic__142: logic__8
reg__20: reg__20
logic__136: logic__8
case__113: case__113
blake512__GB15: blake512__GB15
logic__146: logic__10
case__176: case__176
muxpart__40: muxpart__40
datapath__32: datapath__2
datapath__27: datapath__3
muxpart__51: muxpart__51
case__110: case__110
muxpart__288: muxpart__2
muxpart__299: muxpart__8
case__96: case__96
case__75: case__75
muxpart__321: muxpart__3
muxpart__190: muxpart__15
blake512__GB83: blake512__GB83
case__70_blake512__GD: case__70_blake512__GD
perm__10: perm
blake512__GB71: blake512__GB71
muxpart__157: muxpart__14
reg__36: reg__36
muxpart__296: muxpart__11
muxpart__35: muxpart__35
muxpart__145: muxpart__9
muxpart__233: muxpart__6
logic__141: logic__9
case__9: case__9
case__17: case__17
muxpart__99: muxpart__4
reg_en_512__1: reg_en_512
case__6: case__6
muxpart__250: muxpart__6
logic__120: logic__12
muxpart__236: muxpart__3
case__235: case__55
blake512__GB73: blake512__GB73
reg_64_v10: reg_64_v10
case__71: case__71
muxpart__301: muxpart__6
datapath__7: datapath__3
case__139: case__139
logic__138: logic__12
muxpart__300: muxpart__7
case__216: case__216
datapath__11: datapath__3
muxpart__139: muxpart__15
reg__26: reg__26
logic__113: logic__13
logic__130: logic__8
datapath: datapath
muxpart__268: muxpart__5
datapath__8: datapath__2
muxpart__133: muxpart__4
case__5: case__5
muxpart__262: muxpart__11
blake512__GB70: blake512__GB70
case__232: case__232
case__98: case__98
logic__6: logic__6
case__1: case__1
case__159_blake512__GD: case__159_blake512__GD
logic: logic
case__66: case__66
muxpart__287: muxpart__3
blake512__GB67: blake512__GB67
case__226: case__226
case__153: case__153
muxpart__57: muxpart__57
muxpart__259: muxpart__14
reg_64_v06: reg_64_v06
reg__21: reg__21
logic__122: logic__10
reg_64_v11: reg_64_v11
muxpart__305: muxpart__2
blake512__GB0: blake512__GB0
case__73: case__73
muxpart__312: muxpart__12
case__26: case__26
muxpart__207: muxpart__15
datapath__5: datapath__5
perm__11: perm
muxpart__303: muxpart__4
case__44: case__44
muxpart__97: muxpart__6
blake512__GB31: blake512__GB31
blake512__GB43: blake512__GB43
muxpart__188: muxpart
case__155: case__155
muxpart__58: muxpart__58
